---
source: src/ui.rs
expression: "format!(\"{:?}\", buffer)"
---
Buffer {
    area: Rect { x: 0, y: 0, width: 120, height: 30 },
    content: [
        "┌Docker Container CPU Monitor - 3 containers (↑/↓ to navigate, 'q' to quit)────────────────────────────────────────────┐",
        "│Container ID Name                           CPU %                         Memory %                     Status         │",
        "│                                                                                                                      │",
        "│container1   nginx                          15.50%                        25.00%                       running        │",
        "│container2   postgres                       65.20%                        70.50%                       running        │",
        "│container3   redis                          92.80%                        88.30%                       running        │",
        "│                                                                                                                      │",
        "│                                                                                                                      │",
        "│                                                                                                                      │",
        "│                                                                                                                      │",
        "│                                                                                                                      │",
        "│                                                                                                                      │",
        "│                                                                                                                      │",
        "│                                                                                                                      │",
        "│                                                                                                                      │",
        "│                                                                                                                      │",
        "│                                                                                                                      │",
        "│                                                                                                                      │",
        "│                                                                                                                      │",
        "│                                                                                                                      │",
        "│                                                                                                                      │",
        "│                                                                                                                      │",
        "│                                                                                                                      │",
        "│                                                                                                                      │",
        "│                                                                                                                      │",
        "│                                                                                                                      │",
        "│                                                                                                                      │",
        "│                                                                                                                      │",
        "│                                                                                                                      │",
        "└──────────────────────────────────────────────────────────────────────────────────────────────────────────────────────┘",
    ],
    styles: [
        x: 0, y: 0, fg: White, bg: Reset, underline: Reset, modifier: NONE,
        x: 1, y: 1, fg: Cyan, bg: Reset, underline: Reset, modifier: BOLD,
        x: 119, y: 1, fg: White, bg: Reset, underline: Reset, modifier: NONE,
        x: 45, y: 3, fg: Green, bg: Reset, underline: Reset, modifier: NONE,
        x: 74, y: 3, fg: White, bg: Reset, underline: Reset, modifier: NONE,
        x: 75, y: 3, fg: Green, bg: Reset, underline: Reset, modifier: NONE,
        x: 103, y: 3, fg: White, bg: Reset, underline: Reset, modifier: NONE,
        x: 45, y: 4, fg: Yellow, bg: Reset, underline: Reset, modifier: NONE,
        x: 74, y: 4, fg: White, bg: Reset, underline: Reset, modifier: NONE,
        x: 75, y: 4, fg: Yellow, bg: Reset, underline: Reset, modifier: NONE,
        x: 103, y: 4, fg: White, bg: Reset, underline: Reset, modifier: NONE,
        x: 45, y: 5, fg: Red, bg: Reset, underline: Reset, modifier: NONE,
        x: 74, y: 5, fg: White, bg: Reset, underline: Reset, modifier: NONE,
        x: 75, y: 5, fg: Red, bg: Reset, underline: Reset, modifier: NONE,
        x: 103, y: 5, fg: White, bg: Reset, underline: Reset, modifier: NONE,
    ]
}
