---
source: src/ui.rs
expression: "format!(\"{:?}\", buffer)"
---
Buffer {
    area: Rect { x: 0, y: 0, width: 150, height: 30 },
    content: [
        "┌Docker Container CPU Monitor - 3 containers (↑/↓ to navigate, 'q' to quit)──────────────────────────────────────────────────────────────────────────┐",
        "│Host                 Container ID Name                                     CPU %                        Memory %                     Status         │",
        "│                                                                                                                                                    │",
        "│local                container1   nginx                                    ███░░░░░░░░░░░░░░░░░  15.5%  █████░░░░░░░░░░░░░░░  25.0%  running        │",
        "│local                container2   postgres                                 █████████████░░░░░░░  65.2%  ██████████████░░░░░░  70.5%  running        │",
        "│local                container3   redis                                    ███████████████████░  92.8%  ██████████████████░░  88.3%  running        │",
        "│                                                                                                                                                    │",
        "│                                                                                                                                                    │",
        "│                                                                                                                                                    │",
        "│                                                                                                                                                    │",
        "│                                                                                                                                                    │",
        "│                                                                                                                                                    │",
        "│                                                                                                                                                    │",
        "│                                                                                                                                                    │",
        "│                                                                                                                                                    │",
        "│                                                                                                                                                    │",
        "│                                                                                                                                                    │",
        "│                                                                                                                                                    │",
        "│                                                                                                                                                    │",
        "│                                                                                                                                                    │",
        "│                                                                                                                                                    │",
        "│                                                                                                                                                    │",
        "│                                                                                                                                                    │",
        "│                                                                                                                                                    │",
        "│                                                                                                                                                    │",
        "│                                                                                                                                                    │",
        "│                                                                                                                                                    │",
        "│                                                                                                                                                    │",
        "│                                                                                                                                                    │",
        "└────────────────────────────────────────────────────────────────────────────────────────────────────────────────────────────────────────────────────┘",
    ],
    styles: [
        x: 0, y: 0, fg: White, bg: Reset, underline: Reset, modifier: NONE,
        x: 1, y: 1, fg: Cyan, bg: Reset, underline: Reset, modifier: BOLD,
        x: 149, y: 1, fg: White, bg: Reset, underline: Reset, modifier: NONE,
        x: 76, y: 3, fg: Green, bg: Reset, underline: Reset, modifier: NONE,
        x: 104, y: 3, fg: White, bg: Reset, underline: Reset, modifier: NONE,
        x: 105, y: 3, fg: Green, bg: Reset, underline: Reset, modifier: NONE,
        x: 133, y: 3, fg: White, bg: Reset, underline: Reset, modifier: NONE,
        x: 76, y: 4, fg: Yellow, bg: Reset, underline: Reset, modifier: NONE,
        x: 104, y: 4, fg: White, bg: Reset, underline: Reset, modifier: NONE,
        x: 105, y: 4, fg: Yellow, bg: Reset, underline: Reset, modifier: NONE,
        x: 133, y: 4, fg: White, bg: Reset, underline: Reset, modifier: NONE,
        x: 76, y: 5, fg: Red, bg: Reset, underline: Reset, modifier: NONE,
        x: 104, y: 5, fg: White, bg: Reset, underline: Reset, modifier: NONE,
        x: 105, y: 5, fg: Red, bg: Reset, underline: Reset, modifier: NONE,
        x: 133, y: 5, fg: White, bg: Reset, underline: Reset, modifier: NONE,
    ]
}
