---
source: src/ui.rs
expression: "format!(\"{:?}\", buffer)"
---
Buffer {
    area: Rect { x: 0, y: 0, width: 145, height: 25 },
    content: [
        "┌Docker Container CPU Monitor - 1 containers (↑/↓ to navigate, 'q' to quit)─────────────────────────────────────────────────────────────────────┐",
        "│ID           Name                           CPU %                        Memory %                     Net TX       Net RX       Status         │",
        "│                                                                                                                                               │",
        "│abc123def456 nginx                          █████░░░░░░░░░░░░░░░  25.5%  ██████░░░░░░░░░░░░░░  30.2%  0B/s         0B/s         running        │",
        "│                                                                                                                                               │",
        "│                                                                                                                                               │",
        "│                                                                                                                                               │",
        "│                                                                                                                                               │",
        "│                                                                                                                                               │",
        "│                                                                                                                                               │",
        "│                                                                                                                                               │",
        "│                                                                                                                                               │",
        "│                                                                                                                                               │",
        "│                                                                                                                                               │",
        "│                                                                                                                                               │",
        "│                                                                                                                                               │",
        "│                                                                                                                                               │",
        "│                                                                                                                                               │",
        "│                                                                                                                                               │",
        "│                                                                                                                                               │",
        "│                                                                                                                                               │",
        "│                                                                                                                                               │",
        "│                                                                                                                                               │",
        "│                                                                                                                                               │",
        "└───────────────────────────────────────────────────────────────────────────────────────────────────────────────────────────────────────────────┘",
    ],
    styles: [
        x: 0, y: 0, fg: White, bg: Reset, underline: Reset, modifier: NONE,
        x: 1, y: 1, fg: Cyan, bg: Reset, underline: Reset, modifier: BOLD,
        x: 144, y: 1, fg: White, bg: Reset, underline: Reset, modifier: NONE,
        x: 45, y: 3, fg: Green, bg: Reset, underline: Reset, modifier: NONE,
        x: 73, y: 3, fg: White, bg: Reset, underline: Reset, modifier: NONE,
        x: 74, y: 3, fg: Green, bg: Reset, underline: Reset, modifier: NONE,
        x: 102, y: 3, fg: White, bg: Reset, underline: Reset, modifier: NONE,
    ]
}
