---
source: src/ui.rs
expression: "format!(\"{:?}\", buffer)"
---
Buffer {
    area: Rect { x: 0, y: 0, width: 120, height: 25 },
    content: [
        "┌Docker Container CPU Monitor - 1 containers (↑/↓ to navigate, 'q' to quit)────────────────────────────────────────────┐",
        "│ID           Name       Host                 CPU %                        Memory %                     Status         │",
        "│                                                                                                                      │",
        "│abc123def456 nginx      local                █████░░░░░░░░░░░░░░░  25.5%  ██████░░░░░░░░░░░░░░  30.2%  running        │",
        "│                                                                                                                      │",
        "│                                                                                                                      │",
        "│                                                                                                                      │",
        "│                                                                                                                      │",
        "│                                                                                                                      │",
        "│                                                                                                                      │",
        "│                                                                                                                      │",
        "│                                                                                                                      │",
        "│                                                                                                                      │",
        "│                                                                                                                      │",
        "│                                                                                                                      │",
        "│                                                                                                                      │",
        "│                                                                                                                      │",
        "│                                                                                                                      │",
        "│                                                                                                                      │",
        "│                                                                                                                      │",
        "│                                                                                                                      │",
        "│                                                                                                                      │",
        "│                                                                                                                      │",
        "│                                                                                                                      │",
        "└──────────────────────────────────────────────────────────────────────────────────────────────────────────────────────┘",
    ],
    styles: [
        x: 0, y: 0, fg: White, bg: Reset, underline: Reset, modifier: NONE,
        x: 1, y: 1, fg: Cyan, bg: Reset, underline: Reset, modifier: BOLD,
        x: 119, y: 1, fg: White, bg: Reset, underline: Reset, modifier: NONE,
        x: 46, y: 3, fg: Green, bg: Reset, underline: Reset, modifier: NONE,
        x: 74, y: 3, fg: White, bg: Reset, underline: Reset, modifier: NONE,
        x: 75, y: 3, fg: Green, bg: Reset, underline: Reset, modifier: NONE,
        x: 103, y: 3, fg: White, bg: Reset, underline: Reset, modifier: NONE,
    ]
}
